Microchip MPLAB XC8 Compiler V2.30

Linker command line:

-W-3 --edf=/opt/microchip/xc8/v2.30/pic/dat/en_msgs.txt -cn \
  -h+dist/default/debug/the3.X.debug.sym \
  --cmf=dist/default/debug/the3.X.debug.cmf -z -Q18F8722 -o/tmp/xcXbEfaHM \
  --defsym=__MPLAB_BUILD=1 -Mdist/default/debug/the3.X.debug.map -E1 \
  -ver=XC8 Compiler --acfsm=1493 -ASTACK=0380h-0F5Fh -pstack=STACK \
  -ACODE=00h-01FFFFh -ACONST=00h-01FFFFh -ASMALLCONST=01000h-010FFhx496 \
  -AMEDIUMCONST=01000h-0FFFFh,011000h-01FFFFh -ACOMRAM=01h-05Fh \
  -AABS1=00h-0F5Fh -ABIGRAM=01h-0F5Fh \
  -ARAM=060h-0FFh,0100h-01FFhx14,0F00h-0F5Fh -ABANK0=060h-0FFh \
  -ABANK1=0100h-01FFh -ABANK2=0200h-02FFh -ABANK3=0300h-03FFh \
  -ABANK4=0400h-04FFh -ABANK5=0500h-05FFh -ABANK6=0600h-06FFh \
  -ABANK7=0700h-07FFh -ABANK8=0800h-08FFh -ABANK9=0900h-09FFh \
  -ABANK10=0A00h-0AFFh -ABANK11=0B00h-0BFFh -ABANK12=0C00h-0CFFh \
  -ABANK13=0D00h-0DFFh -ABANK14=0E00h-0EFFh -ABANK15=0F00h-0F5Fh \
  -ASFR=0F60h-0FFFh -ACONFIG=0300000h-030000Dh -AIDLOC=0200000h-0200007h \
  -AEEDATA=0F00000h-0F003FFh -peeprom_data=EEDATA \
  -preset_vec=00h,intcode=08h,intcodelo,powerup,init -pramtop=01000h \
  -psmallconst=SMALLCONST -pmediumconst=MEDIUMCONST -pconst=CONST \
  -AFARRAM=00h-00h \
  -prdata=COMRAM,nvrram=COMRAM,nvbit=COMRAM,rbss=COMRAM,rbit=COMRAM \
  -pfarbss=FARRAM,fardata=FARRAM,nvFARRAM=FARRAM \
  -pintsave_regs=BIGRAM,bigbss=BIGRAM,bigdata=BIGRAM -pbss=RAM \
  -pidata=CODE,irdata=CODE,ibigdata=CODE,ifardata=CODE -prparam=COMRAM \
  /tmp/xcXIkppil.o dist/default/debug/the3.X.debug.o 

Object code version is 3.11

Machine type is 18F8722



                Name                               Link     Load   Length Selector   Space Scale
/tmp/xcXIkppil.o
                idloc                            200000   200000        8        0       5
                config                           300000   300000        E        0       4
                init                                  E        E        4        4       0
                reset_vec                             0        0        4        0       0
dist/default/debug/the3.X.debug.o
                intcode                               8        8        6        4       0
                idloc                            200000   200000        8        0       5
                config                           300000   300000        E        0       4
                temp                                 5E       5E        1        1       1
                smallconst                         1000     1000       50      800       0
                text48                             486C     486C       80      828       0
                text47                             4EA4     4EA4       26      828       0
                text46                             4DA2     4DA2       38      828       0
                text45                             4BA6     4BA6       52      828       0
                text44                             35B0     35B0      1A4      828       0
                text43                             4ECA     4ECA        2      828       0
                text42                             434A     434A       CA      828       0
                text41                             40D6     40D6       D8      828       0
                text40                             3754     3754      188      828       0
                text39                             3A62     3A62      164      828       0
                text38                             4C3C     4C3C       40      828       0
                text37                             4BF8     4BF8       44      828       0
                text36                             4DDA     4DDA       36      828       0
                text35                             4414     4414       C6      828       0
                text34                             29DE     29DE      2E4      828       0
                text33                             33C0     33C0      1F0      828       0
                text32                             38DC     38DC      186      828       0
                text31                             3DFC     3DFC       F6      828       0
                text30                             3FE6     3FE6       F0      828       0
                text29                             41AE     41AE       D0      828       0
                text28                             31BC     31BC      204      828       0
                text27                             4CF6     4CF6       3C      828       0
                text26                             4D6A     4D6A       38      828       0
                text25                             4D32     4D32       38      828       0
                text24                             4A92     4A92       5E      828       0
                text23                             2CC2     2CC2      2DA      828       0
                text22                             1050     1050     12A6      828       0
                text21                             49CC     49CC       66      828       0
                text20                             3BC6     3BC6      11C      828       0
                text19                             4E74     4E74       30      828       0
                text18                             4966     4966       66      828       0
                text17                             4E10     4E10       34      828       0
                text16                             2F9C     2F9C      220      828       0
                text15                             4AF0     4AF0       5C      828       0
                text14                             475A     475A       8A      828       0
                intcode_body                       22F6     22F6      398      828       0
                text12                             4A32     4A32       60      828       0
                text11                             46C6     46C6       94      828       0
                text10                             4CBA     4CBA       3C      828       0
                text9                              3EF2     3EF2       F4      828       0
                text8                              48EC     48EC       7A      828       0
                text7                              3CE2     3CE2      11A      828       0
                text6                              462A     462A       9C      828       0
                text5                              458A     458A       A0      828       0
                text4                              268E     268E      350      828       0
                text3                              47E4     47E4       88      828       0
                text2                              44DA     44DA       B0      828       0
                text1                              427E     427E       CC      828       0
                text0                              4C7C     4C7C       3E      828       0
                cstackCOMRAM                          1        1       5D        1       1
                cstackBANK0                          60       60       7C       60       1
                cstackBANK1                         1E3      1E3       1B      100       1
                bssBANK3                            300      300       80      300       1
                bssBANK2                            200      200       84      200       1
                dataBANK1                           1B3      1B3       30      100       1
                bssBANK1                            100      100       B3      100       1
                bssBANK0                             DC       DC       23       60       1
                cinit                              4B4C     4B4C       5A      828       0
                idataBANK1                         4E44     4E44       30      828       0

TOTAL           Name                               Link     Load   Length     Space
        CLASS   STACK          

        CLASS   CODE           
                intcode                               8        8        6         0
                init                                  E        E        4         0
                reset_vec                             0        0        4         0
                text48                             486C     486C       80         0
                text47                             4EA4     4EA4       26         0
                text46                             4DA2     4DA2       38         0
                text45                             4BA6     4BA6       52         0
                text44                             35B0     35B0      1A4         0
                text43                             4ECA     4ECA        2         0
                text42                             434A     434A       CA         0
                text41                             40D6     40D6       D8         0
                text40                             3754     3754      188         0
                text39                             3A62     3A62      164         0
                text38                             4C3C     4C3C       40         0
                text37                             4BF8     4BF8       44         0
                text36                             4DDA     4DDA       36         0
                text35                             4414     4414       C6         0
                text34                             29DE     29DE      2E4         0
                text33                             33C0     33C0      1F0         0
                text32                             38DC     38DC      186         0
                text31                             3DFC     3DFC       F6         0
                text30                             3FE6     3FE6       F0         0
                text29                             41AE     41AE       D0         0
                text28                             31BC     31BC      204         0
                text27                             4CF6     4CF6       3C         0
                text26                             4D6A     4D6A       38         0
                text25                             4D32     4D32       38         0
                text24                             4A92     4A92       5E         0
                text23                             2CC2     2CC2      2DA         0
                text22                             1050     1050     12A6         0
                text21                             49CC     49CC       66         0
                text20                             3BC6     3BC6      11C         0
                text19                             4E74     4E74       30         0
                text18                             4966     4966       66         0
                text17                             4E10     4E10       34         0
                text16                             2F9C     2F9C      220         0
                text15                             4AF0     4AF0       5C         0
                text14                             475A     475A       8A         0
                intcode_body                       22F6     22F6      398         0
                text12                             4A32     4A32       60         0
                text11                             46C6     46C6       94         0
                text10                             4CBA     4CBA       3C         0
                text9                              3EF2     3EF2       F4         0
                text8                              48EC     48EC       7A         0
                text7                              3CE2     3CE2      11A         0
                text6                              462A     462A       9C         0
                text5                              458A     458A       A0         0
                text4                              268E     268E      350         0
                text3                              47E4     47E4       88         0
                text2                              44DA     44DA       B0         0
                text1                              427E     427E       CC         0
                text0                              4C7C     4C7C       3E         0
                cinit                              4B4C     4B4C       5A         0
                idataBANK1                         4E44     4E44       30         0

        CLASS   CONST          

        CLASS   SMALLCONST     
                smallconst                         1000     1000       50         0

        CLASS   MEDIUMCONST    

        CLASS   COMRAM         
                temp                                 5E       5E        1         1
                cstackCOMRAM                          1        1       5D         1

        CLASS   ABS1           

        CLASS   BIGRAM         

        CLASS   RAM            

        CLASS   BANK0          
                cstackBANK0                          60       60       7C         1
                bssBANK0                             DC       DC       23         1

        CLASS   BANK1          
                cstackBANK1                         1E3      1E3       1B         1
                dataBANK1                           1B3      1B3       30         1
                bssBANK1                            100      100       B3         1

        CLASS   BANK2          
                bssBANK2                            200      200       84         1

        CLASS   BANK3          
                bssBANK3                            300      300       80         1

        CLASS   BANK4          

        CLASS   BANK5          

        CLASS   BANK6          

        CLASS   BANK7          

        CLASS   BANK8          

        CLASS   BANK9          

        CLASS   BANK10         

        CLASS   BANK11         

        CLASS   BANK12         

        CLASS   BANK13         

        CLASS   BANK14         

        CLASS   BANK15         

        CLASS   SFR            

        CLASS   CONFIG         
                config                           300000   300000        E         4

        CLASS   IDLOC          
                idloc                            200000   200000        8         5

        CLASS   EEDATA         

        CLASS   FARRAM         



SEGMENTS        Name                           Load    Length   Top    Selector   Space  Class

                bssBANK1                       000100  0000FE  0001FE       100       1  BANK1   
                reset_vec                      000000  000004  000004         0       0  CODE    
                text22                         001050  003E7C  004ECC       828       0  CODE    
                bssBANK3                       000300  000080  000380       300       1  BANK3   
                bssBANK2                       000200  000084  000284       200       1  BANK2   
                intcode                        000008  00000A  000012         4       0  CODE    
                cstackBANK0                    000060  00009F  0000FF        60       1  BANK0   
                cstackCOMRAM                   000001  00005E  00005F         1       1  COMRAM  
                smallconst                     001000  000050  001050       800       0  SMALLCON


UNUSED ADDRESS RANGES

        Name                Unused          Largest block    Delta
        BANK0            0000FF-0000FF                1
        BANK1            0001FE-0001FF                2
        BANK10           000A00-000AFF              100
        BANK11           000B00-000BFF              100
        BANK12           000C00-000CFF              100
        BANK13           000D00-000DFF              100
        BANK14           000E00-000EFF              100
        BANK15           000F00-000F5F               60
        BANK2            000284-0002FF               7C
        BANK3            000380-0003FF               80
        BANK4            000400-0004FF              100
        BANK5            000500-0005FF              100
        BANK6            000600-0006FF              100
        BANK7            000700-0007FF              100
        BANK8            000800-0008FF              100
        BANK9            000900-0009FF              100
        BIGRAM           00005F-00005F                1
                         0000FF-0000FF                1
                         0001FE-0001FF                2
                         000284-0002FF               7C
                         000380-000F5F              BE0
        CODE             000004-000007                4
                         000012-000FFF              FEE
                         004ECC-01FFFF            1B134
        COMRAM           00005F-00005F                1
        CONST            000004-000007                4
                         000012-000FFF              FEE
                         004ECC-01FFFF            1B134
        EEDATA           F00000-F003FF              400
        MEDIUMCONST      004ECC-00FFFF             B134
                         011000-01FFFF             F000
        RAM              0000FF-0000FF                1
                         0001FE-0001FF                2
                         000284-0002FF               7C
                         000380-000F5F              100
        SFR              000F60-000FFF               A0
        SMALLCONST       004ECC-01FFFF              100
        STACK            000380-000F5F              BE0

                                  Symbol Table

?___aodiv                               cstackCOMRAM 000001
?___aomod                               cstackCOMRAM 000001
?___lodiv                               cstackCOMRAM 000001
?___lomod                               cstackCOMRAM 000001
?___wmul                                cstackCOMRAM 000001
?_abs                                   cstackCOMRAM 000013
?_atoi                                  cstackCOMRAM 000008
?_buffer_is_empty                       cstackBANK1  0001E3
?_char_to_int                           cstackBANK1  0001E3
?_ctoa                                  cstackCOMRAM 00000A
?_dtoa                                  cstackCOMRAM 00001C
?_hex_string_to_int                     cstackBANK1  0001E6
?_isalpha                               cstackCOMRAM 000001
?_isdigit                               cstackCOMRAM 000001
?_islower                               cstackCOMRAM 000001
?_isspace                               cstackCOMRAM 000001
?_isupper                               cstackCOMRAM 000001
?_otoa                                  cstackCOMRAM 00001C
?_pad                                   cstackCOMRAM 000011
?_snprintf                              cstackBANK0  00008D
?_stoa                                  cstackCOMRAM 00000A
?_strcmp                                cstackBANK1  0001E3
?_strlen                                cstackCOMRAM 000001
?_strncmp                               cstackCOMRAM 000001
?_toupper                               cstackCOMRAM 000007
?_utoa                                  cstackCOMRAM 00001C
?_vfpfcnvrt                             cstackCOMRAM 000043
?_vfprintf                              cstackCOMRAM 00004D
?_vsnprintf                             cstackBANK0  00007B
?_xtoa                                  cstackCOMRAM 00001C
?i2_buffer_is_empty                     cstackCOMRAM 000001
_ADCON0                                 (abs)        000FC2
_ADCON1                                 (abs)        000FC1
_ADCON2                                 (abs)        000FC0
_ADRESH                                 (abs)        000FC4
_ADRESL                                 (abs)        000FC3
_BAUDCON1                               (abs)        000F7E
_BAUDCON1bits                           (abs)        000F7E
_GODONE                                 (abs)        007E11
_INTCON                                 (abs)        000FF2
_INTCONbits                             (abs)        000FF2
_IPR1                                   (abs)        000F9F
_IPR1bits                               (abs)        000F9F
_LATAbits                               (abs)        000F89
_LATB                                   (abs)        000F8A
_LATBbits                               (abs)        000F8A
_LATCbits                               (abs)        000F8B
_LATDbits                               (abs)        000F8C
_PIE1                                   (abs)        000F9D
_PIE1bits                               (abs)        000F9D
_PIR1                                   (abs)        000F9E
_PIR1bits                               (abs)        000F9E
_PORTBbits                              (abs)        000F81
_RCONbits                               (abs)        000FD0
_RCREG1                                 (abs)        000FAE
_RCSTA1                                 (abs)        000FAB
_RCSTA1bits                             (abs)        000FAB
_SPBRG1                                 (abs)        000FAF
_SPBRGH1                                (abs)        000F7F
_T0CON                                  (abs)        000FD5
_TMR0H                                  (abs)        000FD7
_TMR0L                                  (abs)        000FD6
_TRISAbits                              (abs)        000F92
_TRISB                                  (abs)        000F93
_TRISBbits                              (abs)        000F93
_TRISC                                  (abs)        000F94
_TRISCbits                              (abs)        000F94
_TRISDbits                              (abs)        000F95
_TRISH                                  (abs)        000F99
_TXREG1                                 (abs)        000FAD
_TXSTA1                                 (abs)        000FAC
_TXSTA1bits                             (abs)        000FAC
__HRAM                                  (abs)        000000
__Habs1                                 abs1         000000
__Hbank0                                bank0        000000
__Hbank1                                bank1        000000
__Hbank10                               bank10       000000
__Hbank11                               bank11       000000
__Hbank12                               bank12       000000
__Hbank13                               bank13       000000
__Hbank14                               bank14       000000
__Hbank15                               bank15       000000
__Hbank2                                bank2        000000
__Hbank3                                bank3        000000
__Hbank4                                bank4        000000
__Hbank5                                bank5        000000
__Hbank6                                bank6        000000
__Hbank7                                bank7        000000
__Hbank8                                bank8        000000
__Hbank9                                bank9        000000
__Hbigbss                               bigbss       000000
__Hbigdata                              bigdata      000000
__Hbigram                               bigram       000000
__Hbss                                  bss          000000
__HbssBANK0                             bssBANK0     000000
__HbssBANK1                             bssBANK1     000000
__HbssBANK2                             bssBANK2     000000
__HbssBANK3                             bssBANK3     000000
__Hcinit                                cinit        000000
__Hclrtext                              clrtext      000000
__Hcomram                               comram       000000
__Hconfig                               config       30000E
__Hconst                                const        000000
__HcstackBANK0                          cstackBANK0  000000
__HcstackBANK1                          cstackBANK1  000000
__HcstackCOMRAM                         cstackCOMRAM 000000
__Hdata                                 data         000000
__HdataBANK1                            dataBANK1    000000
__Heeprom_data                          eeprom_data  000000
__Hfarbss                               farbss       000000
__Hfardata                              fardata      000000
__Hibigdata                             ibigdata     000000
__Hidata                                idata        000000
__HidataBANK1                           idataBANK1   000000
__Hidloc                                idloc        200008
__Hifardata                             ifardata     000000
__Hinit                                 init         000012
__Hintcode                              intcode      00000E
__Hintcode_body                         intcode_body 000000
__Hintcodelo                            intcodelo    00000E
__Hintentry                             intentry     000000
__Hintret                               intret       000000
__Hintsave_regs                         intsave_regs 000000
__Hirdata                               irdata       000000
__Hmediumconst                          mediumconst  000000
__HnvFARRAM                             nvFARRAM     000000
__Hnvbit                                nvbit        000000
__Hnvrram                               nvrram       000000
__Hparam                                rparam       000000
__Hpowerup                              powerup      00000E
__Hram                                  ram          000000
__Hramtop                               ramtop       001000
__Hrbit                                 rbit         000000
__Hrbss                                 rbss         000000
__Hrdata                                rdata        000000
__Hreset_vec                            reset_vec    000004
__Hrparam                               rparam       000000
__Hsfr                                  sfr          000000
__Hsmallconst                           smallconst   001050
__Hspace_0                              (abs)        004ECC
__Hspace_1                              (abs)        000380
__Hspace_2                              (abs)        000000
__Hspace_4                              (abs)        60000E
__Hstack                                stack        000000
__Hstruct                               struct       000000
__Htemp                                 temp         00005F
__Htext                                 text         000000
__Htext0                                text0        000000
__Htext1                                text1        000000
__Htext10                               text10       000000
__Htext11                               text11       000000
__Htext12                               text12       000000
__Htext14                               text14       000000
__Htext15                               text15       000000
__Htext16                               text16       000000
__Htext17                               text17       000000
__Htext18                               text18       000000
__Htext19                               text19       000000
__Htext2                                text2        000000
__Htext20                               text20       000000
__Htext21                               text21       000000
__Htext22                               text22       000000
__Htext23                               text23       000000
__Htext24                               text24       000000
__Htext25                               text25       000000
__Htext26                               text26       000000
__Htext27                               text27       000000
__Htext28                               text28       000000
__Htext29                               text29       000000
__Htext3                                text3        000000
__Htext30                               text30       000000
__Htext31                               text31       000000
__Htext32                               text32       000000
__Htext33                               text33       000000
__Htext34                               text34       000000
__Htext35                               text35       000000
__Htext36                               text36       000000
__Htext37                               text37       000000
__Htext38                               text38       000000
__Htext39                               text39       000000
__Htext4                                text4        000000
__Htext40                               text40       000000
__Htext41                               text41       000000
__Htext42                               text42       000000
__Htext43                               text43       000000
__Htext44                               text44       000000
__Htext45                               text45       000000
__Htext46                               text46       000000
__Htext47                               text47       000000
__Htext48                               text48       000000
__Htext5                                text5        000000
__Htext6                                text6        000000
__Htext7                                text7        000000
__Htext8                                text8        000000
__Htext9                                text9        000000
__LRAM                                  (abs)        000001
__Labs1                                 abs1         000000
__Lbank0                                bank0        000000
__Lbank1                                bank1        000000
__Lbank10                               bank10       000000
__Lbank11                               bank11       000000
__Lbank12                               bank12       000000
__Lbank13                               bank13       000000
__Lbank14                               bank14       000000
__Lbank15                               bank15       000000
__Lbank2                                bank2        000000
__Lbank3                                bank3        000000
__Lbank4                                bank4        000000
__Lbank5                                bank5        000000
__Lbank6                                bank6        000000
__Lbank7                                bank7        000000
__Lbank8                                bank8        000000
__Lbank9                                bank9        000000
__Lbigbss                               bigbss       000000
__Lbigdata                              bigdata      000000
__Lbigram                               bigram       000000
__Lbss                                  bss          000000
__LbssBANK0                             bssBANK0     000000
__LbssBANK1                             bssBANK1     000000
__LbssBANK2                             bssBANK2     000000
__LbssBANK3                             bssBANK3     000000
__Lcinit                                cinit        000000
__Lclrtext                              clrtext      000000
__Lcomram                               comram       000000
__Lconfig                               config       000000
__Lconst                                const        000000
__LcstackBANK0                          cstackBANK0  000000
__LcstackBANK1                          cstackBANK1  000000
__LcstackCOMRAM                         cstackCOMRAM 000000
__Ldata                                 data         000000
__LdataBANK1                            dataBANK1    000000
__Leeprom_data                          eeprom_data  000000
__Lfarbss                               farbss       000000
__Lfardata                              fardata      000000
__Libigdata                             ibigdata     000000
__Lidata                                idata        000000
__LidataBANK1                           idataBANK1   000000
__Lidloc                                idloc        000000
__Lifardata                             ifardata     000000
__Linit                                 init         00000E
__Lintcode                              intcode      000008
__Lintcode_body                         intcode_body 000000
__Lintcodelo                            intcodelo    00000E
__Lintentry                             intentry     000000
__Lintret                               intret       000000
__Lintsave_regs                         intsave_regs 000000
__Lirdata                               irdata       000000
__Lmediumconst                          mediumconst  000000
__LnvFARRAM                             nvFARRAM     000000
__Lnvbit                                nvbit        000000
__Lnvrram                               nvrram       000000
__Lparam                                rparam       000000
__Lpowerup                              powerup      00000E
__Lram                                  ram          000000
__Lramtop                               ramtop       001000
__Lrbit                                 rbit         000000
__Lrbss                                 rbss         000000
__Lrdata                                rdata        000000
__Lreset_vec                            reset_vec    000000
__Lrparam                               rparam       000000
__Lsfr                                  sfr          000000
__Lsmallconst                           smallconst   001000
__Lspace_0                              (abs)        000000
__Lspace_1                              (abs)        000000
__Lspace_2                              (abs)        000000
__Lspace_4                              (abs)        000000
__Lstack                                stack        000000
__Lstruct                               struct       000000
__Ltemp                                 temp         00005E
__Ltext                                 text         000000
__Ltext0                                text0        000000
__Ltext1                                text1        000000
__Ltext10                               text10       000000
__Ltext11                               text11       000000
__Ltext12                               text12       000000
__Ltext14                               text14       000000
__Ltext15                               text15       000000
__Ltext16                               text16       000000
__Ltext17                               text17       000000
__Ltext18                               text18       000000
__Ltext19                               text19       000000
__Ltext2                                text2        000000
__Ltext20                               text20       000000
__Ltext21                               text21       000000
__Ltext22                               text22       000000
__Ltext23                               text23       000000
__Ltext24                               text24       000000
__Ltext25                               text25       000000
__Ltext26                               text26       000000
__Ltext27                               text27       000000
__Ltext28                               text28       000000
__Ltext29                               text29       000000
__Ltext3                                text3        000000
__Ltext30                               text30       000000
__Ltext31                               text31       000000
__Ltext32                               text32       000000
__Ltext33                               text33       000000
__Ltext34                               text34       000000
__Ltext35                               text35       000000
__Ltext36                               text36       000000
__Ltext37                               text37       000000
__Ltext38                               text38       000000
__Ltext39                               text39       000000
__Ltext4                                text4        000000
__Ltext40                               text40       000000
__Ltext41                               text41       000000
__Ltext42                               text42       000000
__Ltext43                               text43       000000
__Ltext44                               text44       000000
__Ltext45                               text45       000000
__Ltext46                               text46       000000
__Ltext47                               text47       000000
__Ltext48                               text48       000000
__Ltext5                                text5        000000
__Ltext6                                text6        000000
__Ltext7                                text7        000000
__Ltext8                                text8        000000
__Ltext9                                text9        000000
__S0                                    (abs)        004ECC
__S1                                    (abs)        000380
__S2                                    (abs)        000000
__S4                                    (abs)        000000
__S5                                    (abs)        000000
___aodiv                                text40       003754
___aodiv@counter                        cstackCOMRAM 000011
___aodiv@dividend                       cstackCOMRAM 000001
___aodiv@divisor                        cstackCOMRAM 000009
___aodiv@quotient                       cstackCOMRAM 000013
___aodiv@sign                           cstackCOMRAM 000012
___aomod                                text39       003A62
___aomod@counter                        cstackCOMRAM 000011
___aomod@dividend                       cstackCOMRAM 000001
___aomod@divisor                        cstackCOMRAM 000009
___aomod@sign                           cstackCOMRAM 000012
___extmem_base                          (abs)        020000
___inthi_sp                             stack        000000
___intlo_sp                             stack        000000
___lodiv                                text30       003FE6
___lodiv@counter                        cstackCOMRAM 000019
___lodiv@dividend                       cstackCOMRAM 000001
___lodiv@divisor                        cstackCOMRAM 000009
___lodiv@quotient                       cstackCOMRAM 000011
___lomod                                text29       0041AE
___lomod@counter                        cstackCOMRAM 000011
___lomod@dividend                       cstackCOMRAM 000001
___lomod@divisor                        cstackCOMRAM 000009
___param_bank                           (abs)        000000
___rparam_used                          (abs)        000001
___sp                                   stack        000000
___wmul                                 text47       004EA4
___wmul@multiplicand                    cstackCOMRAM 000003
___wmul@multiplier                      cstackCOMRAM 000001
___wmul@product                         cstackCOMRAM 000005
__accesstop                             (abs)        000060
__activetblptr                          (abs)        000003
__end_of___aodiv                        text40       0038DC
__end_of___aomod                        text39       003BC6
__end_of___lodiv                        text30       0040D6
__end_of___lomod                        text29       00427E
__end_of___wmul                         text47       004ECA
__end_of__initialization                cinit        004B9C
__end_of_abs                            text38       004C7C
__end_of_atoi                           text44       003754
__end_of_buffer_is_empty                text12       004A92
__end_of_buffer_pop                     text11       00475A
__end_of_buffer_push                    text48       0048EC
__end_of_char_to_int                    text6        0046C6
__end_of_clear_packet                   text10       004CF6
__end_of_create_packet                  text9        003FE6
__end_of_ctoa                           text41       0041AE
__end_of_dtoa                           text34       002CC2
__end_of_evaluate_packet                text4        0029DE
__end_of_fputc                          text42       004414
__end_of_fputs                          text37       004C3C
__end_of_get_command_type               text7        003DFC
__end_of_hex_string_to_int              text5        00462A
__end_of_highPriorityISR                intcode_body 00268E
__end_of_initialize                     text3        00486C
__end_of_initialize_buffer              text2        00458A
__end_of_initialize_variables           text1        00434A
__end_of_int_to_hex_and_push            text18       0049CC
__end_of_isalpha                        text27       004D32
__end_of_isdigit                        text46       004DDA
__end_of_islower                        text25       004D6A
__end_of_isspace                        text45       004BF8
__end_of_isupper                        text26       004DA2
__end_of_main                           text0        004CBA
__end_of_otoa                           text33       0035B0
__end_of_pad                            text35       0044DA
__end_of_putch                          text43       004ECC
__end_of_set_message                    text16       0031BC
__end_of_snprintf                       text19       004EA4
__end_of_stoa                           text32       003A62
__end_of_strcmp                         text8        004966
__end_of_strlen                         text36       004E10
__end_of_strncmp                        text31       003EF2
__end_of_toupper                        text24       004AF0
__end_of_utoa                           text28       0033C0
__end_of_vfpfcnvrt                      text22       0022F6
__end_of_vfprintf                       text21       004A32
__end_of_vsnprintf                      text20       003CE2
__end_of_write_string_to_output_buffer  text17       004E44
__end_of_xtoa                           text23       002F9C
__end_ofi2_buffer_is_empty              text15       004B4C
__end_ofi2_buffer_pop                   text14       0047E4
__initialization                        cinit        004B4C
__mediumconst                           mediumconst  000000
__pbssBANK0                             bssBANK0     0000DC
__pbssBANK1                             bssBANK1     000100
__pbssBANK2                             bssBANK2     000200
__pbssBANK3                             bssBANK3     000300
__pcinit                                cinit        004B4C
__pcstackBANK0                          cstackBANK0  000060
__pcstackBANK1                          cstackBANK1  0001E3
__pcstackCOMRAM                         cstackCOMRAM 000001
__pdataBANK1                            dataBANK1    0001B3
__pidataBANK1                           idataBANK1   004E44
__pintcode                              intcode      000008
__pintcode_body                         intcode_body 0022F6
__psmallconst                           smallconst   001000
__ptext0                                text0        004C7C
__ptext1                                text1        00427E
__ptext10                               text10       004CBA
__ptext11                               text11       0046C6
__ptext12                               text12       004A32
__ptext14                               text14       00475A
__ptext15                               text15       004AF0
__ptext16                               text16       002F9C
__ptext17                               text17       004E10
__ptext18                               text18       004966
__ptext19                               text19       004E74
__ptext2                                text2        0044DA
__ptext20                               text20       003BC6
__ptext21                               text21       0049CC
__ptext22                               text22       001050
__ptext23                               text23       002CC2
__ptext24                               text24       004A92
__ptext25                               text25       004D32
__ptext26                               text26       004D6A
__ptext27                               text27       004CF6
__ptext28                               text28       0031BC
__ptext29                               text29       0041AE
__ptext3                                text3        0047E4
__ptext30                               text30       003FE6
__ptext31                               text31       003DFC
__ptext32                               text32       0038DC
__ptext33                               text33       0033C0
__ptext34                               text34       0029DE
__ptext35                               text35       004414
__ptext36                               text36       004DDA
__ptext37                               text37       004BF8
__ptext38                               text38       004C3C
__ptext39                               text39       003A62
__ptext4                                text4        00268E
__ptext40                               text40       003754
__ptext41                               text41       0040D6
__ptext42                               text42       00434A
__ptext43                               text43       004ECA
__ptext44                               text44       0035B0
__ptext45                               text45       004BA6
__ptext46                               text46       004DA2
__ptext47                               text47       004EA4
__ptext48                               text48       00486C
__ptext5                                text5        00458A
__ptext6                                text6        00462A
__ptext7                                text7        003CE2
__ptext8                                text8        0048EC
__ptext9                                text9        003EF2
__ramtop                                ramtop       001000
__size_of___aodiv                       (abs)        000000
__size_of___aomod                       (abs)        000000
__size_of___lodiv                       (abs)        000000
__size_of___lomod                       (abs)        000000
__size_of___wmul                        (abs)        000000
__size_of_abs                           (abs)        000000
__size_of_atoi                          (abs)        000000
__size_of_buffer_is_empty               (abs)        000000
__size_of_buffer_pop                    (abs)        000000
__size_of_buffer_push                   (abs)        000000
__size_of_char_to_int                   (abs)        000000
__size_of_clear_packet                  (abs)        000000
__size_of_create_packet                 (abs)        000000
__size_of_ctoa                          (abs)        000000
__size_of_dtoa                          (abs)        000000
__size_of_evaluate_packet               (abs)        000000
__size_of_fputc                         (abs)        000000
__size_of_fputs                         (abs)        000000
__size_of_get_command_type              (abs)        000000
__size_of_hex_string_to_int             (abs)        000000
__size_of_highPriorityISR               (abs)        000000
__size_of_initialize                    (abs)        000000
__size_of_initialize_buffer             (abs)        000000
__size_of_initialize_variables          (abs)        000000
__size_of_int_to_hex_and_push           (abs)        000000
__size_of_isalpha                       (abs)        000000
__size_of_isdigit                       (abs)        000000
__size_of_islower                       (abs)        000000
__size_of_isspace                       (abs)        000000
__size_of_isupper                       (abs)        000000
__size_of_main                          (abs)        000000
__size_of_otoa                          (abs)        000000
__size_of_pad                           (abs)        000000
__size_of_putch                         (abs)        000000
__size_of_set_message                   (abs)        000000
__size_of_snprintf                      (abs)        000000
__size_of_stoa                          (abs)        000000
__size_of_strcmp                        (abs)        000000
__size_of_strlen                        (abs)        000000
__size_of_strncmp                       (abs)        000000
__size_of_toupper                       (abs)        000000
__size_of_utoa                          (abs)        000000
__size_of_vfpfcnvrt                     (abs)        000000
__size_of_vfprintf                      (abs)        000000
__size_of_vsnprintf                     (abs)        000000
__size_of_write_string_to_output_buffer (abs)        000000
__size_of_xtoa                          (abs)        000000
__size_ofi2_buffer_is_empty             (abs)        000000
__size_ofi2_buffer_pop                  (abs)        000000
__smallconst                            smallconst   001000
_abs                                    text38       004C3C
_alt_counter                            bssBANK0     0000F6
_alt_period                             bssBANK0     0000F8
_atoi                                   text44       0035B0
_atoi$1915                              cstackCOMRAM 000010
_atoi$1916                              cstackCOMRAM 000014
_atoi$1917                              cstackCOMRAM 000012
_buffer_is_empty                        text12       004A32
_buffer_pop                             text11       0046C6
_buffer_push                            text48       00486C
_char_to_int                            text6        00462A
_clear_packet                           text10       004CBA
_create_packet                          text9        003EF2
_ctoa                                   text41       0040D6
_dbuf                                   bssBANK1     000193
_distance                               bssBANK0     0000FC
_dtoa                                   text34       0029DE
_dtoa$1738                              cstackCOMRAM 00002E
_errno                                  bssBANK1     000184
_evaluate_packet                        text4        00268E
_flags                                  bssBANK0     0000E2
_fputc                                  text42       00434A
_fputs                                  text37       004BF8
_get_command_type                       text7        003CE2
_hex_string_to_int                      text5        00458A
_highPriorityISR                        intcode      000008
_initialize                             text3        0047E4
_initialize_buffer                      text2        0044DA
_initialize_variables                   text1        00427E
_input                                  bssBANK1     000100
_int_to_hex_and_push                    text18       004966
_isalpha                                text27       004CF6
_isdigit                                text46       004DA2
_islower                                text25       004D32
_isspace                                text45       004BA6
_isspace$1943                           cstackCOMRAM 000007
_isupper                                text26       004D6A
_main                                   text0        004C7C
_manualflag                             bssBANK1     000186
_nout                                   bssBANK0     0000DC
_operation_mode                         bssBANK0     0000FE
_otoa                                   text33       0033C0
_output                                 bssBANK2     000200
_packet                                 bssBANK3     000300
_packet_is_proccessing                  bssBANK1     00018E
_pad                                    text35       004414
_pkt_body_size                          bssBANK1     000190
_pkt_state                              bssBANK1     000192
_prec                                   bssBANK0     0000E0
_putch                                  text43       004ECA
_rb4_pressed_flag                       bssBANK0     0000EC
_rb4_prev                               bssBANK0     0000F4
_rb4mode                                bssBANK0     0000E4
_rb5_pressed_flag                       bssBANK0     0000EA
_rb5_prev                               bssBANK0     0000F2
_rb5mode                                bssBANK1     00018C
_rb6_pressed_flag                       bssBANK0     0000E8
_rb6_prev                               bssBANK0     0000F0
_rb6mode                                bssBANK1     00018A
_rb7_pressed_flag                       bssBANK0     0000E6
_rb7_prev                               bssBANK0     0000EE
_rb7mode                                bssBANK1     000188
_set_message                            text16       002F9C
_snprintf                               text19       004E74
_speed                                  bssBANK0     0000FA
_stoa                                   text32       0038DC
_strcmp                                 text8        0048EC
_strlen                                 text36       004DDA
_strncmp                                text31       003DFC
_toupper                                text24       004A92
_toupper$2006                           cstackCOMRAM 00000D
_utoa                                   text28       0031BC
_vfpfcnvrt                              text22       001050
_vfpfcnvrt$1790                         cstackBANK0  000064
_vfpfcnvrt$1791                         cstackBANK0  000066
_vfprintf                               text21       0049CC
_vsnprintf                              text20       003BC6
_vsnprintf$1653                         cstackBANK0  000083
_width                                  bssBANK0     0000DE
_write_string_to_output_buffer          text17       004E10
_xtoa                                   text23       002CC2
_xtoa$1775                              cstackCOMRAM 00002F
_xtoa$1776                              cstackCOMRAM 000031
abs@a                                   cstackCOMRAM 000013
atoi@n                                  cstackCOMRAM 000015
atoi@neg                                cstackCOMRAM 00000E
atoi@s                                  cstackCOMRAM 000008
btemp                                   temp         00005E
buffer_is_empty@buf_type                cstackBANK1  0001E5
buffer_pop@buf_type                     cstackBANK1  0001E6
buffer_pop@result                       cstackBANK1  0001E7
buffer_push@buf_type                    cstackCOMRAM 000001
buffer_push@c                           cstackCOMRAM 000002
char_to_int@c                           cstackBANK1  0001E5
clear_packet@i                          cstackBANK1  0001E3
create_packet@c                         cstackBANK1  0001E8
create_packet@c_965                     cstackBANK1  0001E9
ctoa@c                                  cstackCOMRAM 00000C
ctoa@fp                                 cstackCOMRAM 00000A
ctoa@l                                  cstackCOMRAM 00000E
ctoa@w                                  cstackCOMRAM 000010
dtoa@d                                  cstackCOMRAM 00001E
dtoa@fp                                 cstackCOMRAM 00001C
dtoa@i                                  cstackCOMRAM 00003E
dtoa@n                                  cstackCOMRAM 000036
dtoa@p                                  cstackCOMRAM 000030
dtoa@s                                  cstackCOMRAM 000034
dtoa@w                                  cstackCOMRAM 000032
end_of_initialization                   cinit        004B9C
evaluate_packet@command                 cstackBANK1  0001F3
evaluate_packet@command_type            cstackBANK1  0001F7
evaluate_packet@i                       cstackBANK1  0001FA
evaluate_packet@led_number              cstackBANK1  0001FC
evaluate_packet@open_rbs                cstackBANK1  0001F8
fputc@c                                 cstackCOMRAM 000001
fputc@fp                                cstackCOMRAM 000003
fputs@c                                 cstackCOMRAM 00000E
fputs@fp                                cstackCOMRAM 00000C
fputs@i                                 cstackCOMRAM 00000F
fputs@s                                 cstackCOMRAM 00000A
get_command_type@command                cstackBANK1  0001E8
hex_string_to_int@i                     cstackBANK1  0001EF
hex_string_to_int@packet                cstackBANK1  0001E6
hex_string_to_int@result                cstackBANK1  0001ED
hex_string_to_int@size                  cstackBANK1  0001E8
highPriorityISR@c                       cstackBANK0  0000D9
highPriorityISR@result                  cstackBANK0  0000DA
i2_buffer_is_empty                      text15       004AF0
i2_buffer_pop                           text14       00475A
i2buffer_is_empty@buf_type              cstackCOMRAM 000003
i2buffer_pop@buf_type                   cstackCOMRAM 000004
i2buffer_pop@result                     cstackCOMRAM 000005
initialize_buffer@buf_type              cstackBANK1  0001E3
initialize_buffer@i                     cstackBANK1  0001E4
initialize_buffer@i_952                 cstackBANK1  0001E6
int$flags                               temp         00005E
int_func                                intcode_body 0022F6
int_to_hex_and_push@hexStr              cstackBANK0  000097
int_to_hex_and_push@num                 cstackBANK0  000095
int_to_hex_and_push@ptr                 cstackBANK0  0000A0
intlevel0                               text         000000
intlevel1                               text         000000
intlevel2                               text         000000
intlevel3                               text         000000
isalpha@c                               cstackCOMRAM 000001
isdigit@c                               cstackCOMRAM 000001
islower@c                               cstackCOMRAM 000001
isspace@c                               cstackCOMRAM 000001
isupper@c                               cstackCOMRAM 000001
otoa@d                                  cstackCOMRAM 00001E
otoa@fp                                 cstackCOMRAM 00001C
otoa@i                                  cstackCOMRAM 00003C
otoa@n                                  cstackCOMRAM 000034
otoa@p                                  cstackCOMRAM 00002E
otoa@t                                  cstackCOMRAM 000030
otoa@w                                  cstackCOMRAM 000032
pad@buf                                 cstackCOMRAM 000013
pad@fp                                  cstackCOMRAM 000011
pad@i                                   cstackCOMRAM 000018
pad@p                                   cstackCOMRAM 000015
pad@w                                   cstackCOMRAM 00001A
set_message@F5184                       dataBANK1    0001DF
set_message@F5186                       dataBANK1    0001CB
set_message@F5188                       dataBANK1    0001C3
set_message@F5190                       dataBANK1    0001BB
set_message@F5192                       dataBANK1    0001B3
set_message@F5194                       dataBANK1    0001DA
set_message@message_sent                cstackBANK0  0000CB
set_message@start_string                cstackBANK0  0000C7
set_message@string                      cstackBANK0  0000A2
set_message@string_1139                 cstackBANK0  0000AA
set_message@string_1141                 cstackBANK0  0000B2
set_message@string_1143                 cstackBANK0  0000BA
set_message@string_1145                 cstackBANK0  0000C2
snprintf@ap                             cstackCOMRAM 00005C
snprintf@fmt                            cstackBANK0  000091
snprintf@n                              cstackBANK0  00008F
snprintf@s                              cstackBANK0  00008D
stackhi                                 (abs)        000F5F
stacklo                                 (abs)        000380
start                                   init         00000E
start_initialization                    cinit        004B4C
stoa@F1154                              dataBANK1    0001D3
stoa@cp                                 cstackCOMRAM 00001A
stoa@fp                                 cstackCOMRAM 00000A
stoa@i                                  cstackCOMRAM 000016
stoa@l                                  cstackCOMRAM 00001E
stoa@nuls                               cstackCOMRAM 00000F
stoa@p                                  cstackCOMRAM 00001C
stoa@s                                  cstackCOMRAM 00000C
stoa@w                                  cstackCOMRAM 000018
strcmp@l                                cstackBANK1  0001E3
strcmp@r                                cstackBANK1  0001E5
strlen@a                                cstackCOMRAM 000003
strlen@s                                cstackCOMRAM 000001
strncmp@_l                              cstackCOMRAM 000001
strncmp@_r                              cstackCOMRAM 000003
strncmp@l                               cstackCOMRAM 000008
strncmp@n                               cstackCOMRAM 000005
strncmp@r                               cstackCOMRAM 00000A
toupper@c                               cstackCOMRAM 000007
ttemp5                                  temp         00005F
ttemp6                                  temp         000062
ttemp7                                  temp         000066
utoa@d                                  cstackCOMRAM 00001E
utoa@fp                                 cstackCOMRAM 00001C
utoa@i                                  cstackCOMRAM 00003A
utoa@n                                  cstackCOMRAM 000032
utoa@p                                  cstackCOMRAM 00002E
utoa@w                                  cstackCOMRAM 000030
vfpfcnvrt@ap                            cstackCOMRAM 000047
vfpfcnvrt@c                             cstackBANK0  000072
vfpfcnvrt@cp                            cstackBANK0  000060
vfpfcnvrt@done                          cstackBANK0  000062
vfpfcnvrt@fmt                           cstackCOMRAM 000045
vfpfcnvrt@fp                            cstackCOMRAM 000043
vfpfcnvrt@ll                            cstackBANK0  000068
vfpfcnvrt@llu                           cstackBANK0  000073
vfpfcnvrt@vp                            cstackBANK0  000070
vfprintf@ap                             cstackCOMRAM 000051
vfprintf@cfmt                           cstackCOMRAM 000053
vfprintf@fmt                            cstackCOMRAM 00004F
vfprintf@fp                             cstackCOMRAM 00004D
vsnprintf@ap                            cstackBANK0  000081
vsnprintf@cnt                           cstackBANK0  000085
vsnprintf@f                             cstackBANK0  000087
vsnprintf@fmt                           cstackBANK0  00007F
vsnprintf@n                             cstackBANK0  00007D
vsnprintf@s                             cstackBANK0  00007B
write_string_to_output_buffer@str       cstackCOMRAM 000003
wtemp8                                  temp         00005F
xtoa@c                                  cstackCOMRAM 000041
xtoa@d                                  cstackCOMRAM 00001E
xtoa@fp                                 cstackCOMRAM 00001C
xtoa@i                                  cstackCOMRAM 00003F
xtoa@n                                  cstackCOMRAM 000037
xtoa@p                                  cstackCOMRAM 000033
xtoa@w                                  cstackCOMRAM 000035
xtoa@x                                  cstackCOMRAM 000026


FUNCTION INFORMATION:

 *************** function _main *****************
 Defined at:
		line 610 in file "main.c"
 Parameters:    Size  Location     Type
		None
 Auto vars:     Size  Location     Type
		None
 Return value:  Size  Location     Type
                  1    wreg      void 
 Registers used:
		wreg, fsr1l, fsr1h, fsr2l, fsr2h, status,2, status,0, tblptrl, tblptrh, tblptru, cstack
 Tracked objects:
		On entry : 
		On exit  : 
		Unchanged: 
 Data sizes:     COMRAM   BANK0   BANK1   BANK2   BANK3   BANK4   BANK5   BANK6   BANK7   BANK8   BANK9  BANK10  BANK11  BANK12  BANK13  BANK14  BANK15
      Params:         0       0       0       0       0       0       0       0       0       0       0       0       0       0       0       0       0
      Locals:         0       0       0       0       0       0       0       0       0       0       0       0       0       0       0       0       0
      Temps:          0       0       0       0       0       0       0       0       0       0       0       0       0       0       0       0       0
      Totals:         0       0       0       0       0       0       0       0       0       0       0       0       0       0       0       0       0
Total ram usage:        0 bytes
 Hardware stack levels required when called:   15
 This function calls:
		_create_packet
		_evaluate_packet
		_initialize
		_initialize_variables
 This function is called by:
		Startup code after reset
 This function uses a non-reentrant model


 *************** function _initialize_variables *****************
 Defined at:
		line 340 in file "main.c"
 Parameters:    Size  Location     Type
		None
 Auto vars:     Size  Location     Type
		None
 Return value:  Size  Location     Type
                  1    wreg      void 
 Registers used:
		wreg, fsr2l, fsr2h, status,2, status,0, cstack
 Tracked objects:
		On entry : 
		On exit  : 
		Unchanged: 
 Data sizes:     COMRAM   BANK0   BANK1   BANK2   BANK3   BANK4   BANK5   BANK6   BANK7   BANK8   BANK9  BANK10  BANK11  BANK12  BANK13  BANK14  BANK15
      Params:         0       0       0       0       0       0       0       0       0       0       0       0       0       0       0       0       0
      Locals:         0       0       0       0       0       0       0       0       0       0       0       0       0       0       0       0       0
      Temps:          0       0       0       0       0       0       0       0       0       0       0       0       0       0       0       0       0
      Totals:         0       0       0       0       0       0       0       0       0       0       0       0       0       0       0       0       0
Total ram usage:        0 bytes
 Hardware stack levels used:    1
 Hardware stack levels required when called:   13
 This function calls:
		_clear_packet
		_initialize_buffer
 This function is called by:
		_main
 This function uses a non-reentrant model


 *************** function _initialize_buffer *****************
 Defined at:
		line 90 in file "main.c"
 Parameters:    Size  Location     Type
  buf_type        1    wreg     enum E5081
 Auto vars:     Size  Location     Type
  buf_type        1    0[BANK1 ] enum E5081
  i               2    3[BANK1 ] int 
  i               2    1[BANK1 ] int 
 Return value:  Size  Location     Type
                  1    wreg      void 
 Registers used:
		wreg, fsr2l, fsr2h, status,2, status,0
 Tracked objects:
		On entry : 
		On exit  : 
		Unchanged: 
 Data sizes:     COMRAM   BANK0   BANK1   BANK2   BANK3   BANK4   BANK5   BANK6   BANK7   BANK8   BANK9  BANK10  BANK11  BANK12  BANK13  BANK14  BANK15
      Params:         0       0       0       0       0       0       0       0       0       0       0       0       0       0       0       0       0
      Locals:         0       0       5       0       0       0       0       0       0       0       0       0       0       0       0       0       0
      Temps:          0       0       0       0       0       0       0       0       0       0       0       0       0       0       0       0       0
      Totals:         0       0       5       0       0       0       0       0       0       0       0       0       0       0       0       0       0
Total ram usage:        5 bytes
 Hardware stack levels used:    1
 Hardware stack levels required when called:   12
 This function calls:
		Nothing
 This function is called by:
		_initialize_variables
 This function uses a non-reentrant model


 *************** function _initialize *****************
 Defined at:
		line 388 in file "main.c"
 Parameters:    Size  Location     Type
		None
 Auto vars:     Size  Location     Type
		None
 Return value:  Size  Location     Type
                  1    wreg      void 
 Registers used:
		wreg, status,2
 Tracked objects:
		On entry : 
		On exit  : 
		Unchanged: 
 Data sizes:     COMRAM   BANK0   BANK1   BANK2   BANK3   BANK4   BANK5   BANK6   BANK7   BANK8   BANK9  BANK10  BANK11  BANK12  BANK13  BANK14  BANK15
      Params:         0       0       0       0       0       0       0       0       0       0       0       0       0       0       0       0       0
      Locals:         0       0       0       0       0       0       0       0       0       0       0       0       0       0       0       0       0
      Temps:          0       0       0       0       0       0       0       0       0       0       0       0       0       0       0       0       0
      Totals:         0       0       0       0       0       0       0       0       0       0       0       0       0       0       0       0       0
Total ram usage:        0 bytes
 Hardware stack levels used:    1
 Hardware stack levels required when called:   12
 This function calls:
		Nothing
 This function is called by:
		_main
 This function uses a non-reentrant model


 *************** function _evaluate_packet *****************
 Defined at:
		line 237 in file "main.c"
 Parameters:    Size  Location     Type
		None
 Auto vars:     Size  Location     Type
  led_number      2   25[BANK1 ] int 
  open_rbs        2   21[BANK1 ] int 
  i               2   23[BANK1 ] int 
  command         4   16[BANK1 ] unsigned char [4]
  command_type    1   20[BANK1 ] enum E5061
 Return value:  Size  Location     Type
                  1    wreg      void 
 Registers used:
		wreg, fsr1l, fsr1h, fsr2l, fsr2h, status,2, status,0, tblptrl, tblptrh, tblptru, cstack
 Tracked objects:
		On entry : 
		On exit  : 
		Unchanged: 
 Data sizes:     COMRAM   BANK0   BANK1   BANK2   BANK3   BANK4   BANK5   BANK6   BANK7   BANK8   BANK9  BANK10  BANK11  BANK12  BANK13  BANK14  BANK15
      Params:         0       0       0       0       0       0       0       0       0       0       0       0       0       0       0       0       0
      Locals:         0       0      11       0       0       0       0       0       0       0       0       0       0       0       0       0       0
      Temps:          0       0       2       0       0       0       0       0       0       0       0       0       0       0       0       0       0
      Totals:         0       0      13       0       0       0       0       0       0       0       0       0       0       0       0       0       0
Total ram usage:       13 bytes
 Hardware stack levels used:    1
 Hardware stack levels required when called:   14
 This function calls:
		_get_command_type
		_hex_string_to_int
 This function is called by:
		_main
 This function uses a non-reentrant model


 *************** function _hex_string_to_int *****************
 Defined at:
		line 216 in file "main.c"
 Parameters:    Size  Location     Type
  packet          2    3[BANK1 ] PTR unsigned char 
		 -> packet(128), 
  size            2    5[BANK1 ] int 
 Auto vars:     Size  Location     Type
  i               2   12[BANK1 ] int 
  result          2   10[BANK1 ] int 
 Return value:  Size  Location     Type
                  2    3[BANK1 ] int 
 Registers used:
		wreg, fsr2l, fsr2h, status,2, status,0, cstack
 Tracked objects:
		On entry : 
		On exit  : 
		Unchanged: 
 Data sizes:     COMRAM   BANK0   BANK1   BANK2   BANK3   BANK4   BANK5   BANK6   BANK7   BANK8   BANK9  BANK10  BANK11  BANK12  BANK13  BANK14  BANK15
      Params:         0       0       4       0       0       0       0       0       0       0       0       0       0       0       0       0       0
      Locals:         0       0       4       0       0       0       0       0       0       0       0       0       0       0       0       0       0
      Temps:          0       0       3       0       0       0       0       0       0       0       0       0       0       0       0       0       0
      Totals:         0       0      11       0       0       0       0       0       0       0       0       0       0       0       0       0       0
Total ram usage:       11 bytes
 Hardware stack levels used:    1
 Hardware stack levels required when called:   13
 This function calls:
		_char_to_int
 This function is called by:
		_evaluate_packet
 This function uses a non-reentrant model


 *************** function _char_to_int *****************
 Defined at:
		line 200 in file "main.c"
 Parameters:    Size  Location     Type
  c               1    wreg     unsigned char 
 Auto vars:     Size  Location     Type
  c               1    2[BANK1 ] unsigned char 
 Return value:  Size  Location     Type
                  2    0[BANK1 ] int 
 Registers used:
		wreg, status,2, status,0
 Tracked objects:
		On entry : 
		On exit  : 
		Unchanged: 
 Data sizes:     COMRAM   BANK0   BANK1   BANK2   BANK3   BANK4   BANK5   BANK6   BANK7   BANK8   BANK9  BANK10  BANK11  BANK12  BANK13  BANK14  BANK15
      Params:         0       0       2       0       0       0       0       0       0       0       0       0       0       0       0       0       0
      Locals:         0       0       1       0       0       0       0       0       0       0       0       0       0       0       0       0       0
      Temps:          0       0       0       0       0       0       0       0       0       0       0       0       0       0       0       0       0
      Totals:         0       0       3       0       0       0       0       0       0       0       0       0       0       0       0       0       0
Total ram usage:        3 bytes
 Hardware stack levels used:    1
 Hardware stack levels required when called:   12
 This function calls:
		Nothing
 This function is called by:
		_hex_string_to_int
 This function uses a non-reentrant model


 *************** function _get_command_type *****************
 Defined at:
		line 227 in file "main.c"
 Parameters:    Size  Location     Type
  command         2    5[BANK1 ] PTR unsigned char 
		 -> evaluate_packet@command(4), 
 Auto vars:     Size  Location     Type
		None
 Return value:  Size  Location     Type
                  1    wreg      enum E5061
 Registers used:
		wreg, fsr2l, fsr2h, status,2, status,0, tblptrl, tblptrh, tblptru, cstack
 Tracked objects:
		On entry : 
		On exit  : 
		Unchanged: 
 Data sizes:     COMRAM   BANK0   BANK1   BANK2   BANK3   BANK4   BANK5   BANK6   BANK7   BANK8   BANK9  BANK10  BANK11  BANK12  BANK13  BANK14  BANK15
      Params:         0       0       2       0       0       0       0       0       0       0       0       0       0       0       0       0       0
      Locals:         0       0       0       0       0       0       0       0       0       0       0       0       0       0       0       0       0
      Temps:          0       0       0       0       0       0       0       0       0       0       0       0       0       0       0       0       0
      Totals:         0       0       2       0       0       0       0       0       0       0       0       0       0       0       0       0       0
Total ram usage:        2 bytes
 Hardware stack levels used:    1
 Hardware stack levels required when called:   13
 This function calls:
		_strcmp
 This function is called by:
		_evaluate_packet
 This function uses a non-reentrant model


 *************** function _strcmp *****************
 Defined at:
		line 3 in file "/opt/microchip/xc8/v2.30/pic/sources/c99/common/strcmp.c"
 Parameters:    Size  Location     Type
  l               2    0[BANK1 ] PTR const unsigned char 
		 -> evaluate_packet@command(4), 
  r               2    2[BANK1 ] PTR const unsigned char 
		 -> STR_6(4), STR_5(4), STR_4(4), STR_3(4), 
		 -> STR_2(4), STR_1(4), 
 Auto vars:     Size  Location     Type
		None
 Return value:  Size  Location     Type
                  2    0[BANK1 ] int 
 Registers used:
		wreg, fsr2l, fsr2h, status,2, status,0, tblptrl, tblptrh, tblptru
 Tracked objects:
		On entry : 
		On exit  : 
		Unchanged: 
 Data sizes:     COMRAM   BANK0   BANK1   BANK2   BANK3   BANK4   BANK5   BANK6   BANK7   BANK8   BANK9  BANK10  BANK11  BANK12  BANK13  BANK14  BANK15
      Params:         0       0       4       0       0       0       0       0       0       0       0       0       0       0       0       0       0
      Locals:         0       0       0       0       0       0       0       0       0       0       0       0       0       0       0       0       0
      Temps:          0       0       1       0       0       0       0       0       0       0       0       0       0       0       0       0       0
      Totals:         0       0       5       0       0       0       0       0       0       0       0       0       0       0       0       0       0
Total ram usage:        5 bytes
 Hardware stack levels used:    1
 Hardware stack levels required when called:   12
 This function calls:
		Nothing
 This function is called by:
		_get_command_type
 This function uses a non-reentrant model


 *************** function _create_packet *****************
 Defined at:
		line 165 in file "main.c"
 Parameters:    Size  Location     Type
		None
 Auto vars:     Size  Location     Type
  c               1    6[BANK1 ] unsigned char 
  c               1    5[BANK1 ] unsigned char 
 Return value:  Size  Location     Type
                  1    wreg      void 
 Registers used:
		wreg, fsr2l, fsr2h, status,2, status,0, cstack
 Tracked objects:
		On entry : 
		On exit  : 
		Unchanged: 
 Data sizes:     COMRAM   BANK0   BANK1   BANK2   BANK3   BANK4   BANK5   BANK6   BANK7   BANK8   BANK9  BANK10  BANK11  BANK12  BANK13  BANK14  BANK15
      Params:         0       0       0       0       0       0       0       0       0       0       0       0       0       0       0       0       0
      Locals:         0       0       2       0       0       0       0       0       0       0       0       0       0       0       0       0       0
      Temps:          0       0       0       0       0       0       0       0       0       0       0       0       0       0       0       0       0
      Totals:         0       0       2       0       0       0       0       0       0       0       0       0       0       0       0       0       0
Total ram usage:        2 bytes
 Hardware stack levels used:    1
 Hardware stack levels required when called:   14
 This function calls:
		_buffer_is_empty
		_buffer_pop
		_clear_packet
 This function is called by:
		_main
 This function uses a non-reentrant model


 *************** function _clear_packet *****************
 Defined at:
		line 333 in file "main.c"
 Parameters:    Size  Location     Type
		None
 Auto vars:     Size  Location     Type
  i               2    0[BANK1 ] int 
 Return value:  Size  Location     Type
                  1    wreg      void 
 Registers used:
		wreg, fsr2l, fsr2h, status,2, status,0
 Tracked objects:
		On entry : 
		On exit  : 
		Unchanged: 
 Data sizes:     COMRAM   BANK0   BANK1   BANK2   BANK3   BANK4   BANK5   BANK6   BANK7   BANK8   BANK9  BANK10  BANK11  BANK12  BANK13  BANK14  BANK15
      Params:         0       0       0       0       0       0       0       0       0       0       0       0       0       0       0       0       0
      Locals:         0       0       2       0       0       0       0       0       0       0       0       0       0       0       0       0       0
      Temps:          0       0       0       0       0       0       0       0       0       0       0       0       0       0       0       0       0
      Totals:         0       0       2       0       0       0       0       0       0       0       0       0       0       0       0       0       0
Total ram usage:        2 bytes
 Hardware stack levels used:    1
 Hardware stack levels required when called:   12
 This function calls:
		Nothing
 This function is called by:
		_create_packet
		_initialize_variables
 This function uses a non-reentrant model


[...]
      Locals:         2       0       0       0       0       0       0       0       0       0       0       0       0       0       0       0       0
      Temps:          0       0       0       0       0       0       0       0       0       0       0       0       0       0       0       0       0
      Totals:        18       0       0       0       0       0       0       0       0       0       0       0       0       0       0       0       0
Total ram usage:       18 bytes
 Hardware stack levels used:    1
 This function calls:
		Nothing
 This function is called by:
		_dtoa
 This function uses a non-reentrant model


 *************** function ___aodiv *****************
 Defined at:
		line 9 in file "/opt/microchip/xc8/v2.30/pic/sources/c99/common/aodiv.c"
 Parameters:    Size  Location     Type
  dividend        8    0[COMRAM] long long 
  divisor         8    8[COMRAM] long long 
 Auto vars:     Size  Location     Type
  quotient        8   18[COMRAM] long long 
  sign            1   17[COMRAM] unsigned char 
  counter         1   16[COMRAM] unsigned char 
 Return value:  Size  Location     Type
                  8    0[COMRAM] long long 
 Registers used:
		wreg, fsr2l, fsr2h, status,2, status,0
 Tracked objects:
		On entry : 
		On exit  : 
		Unchanged: 
 Data sizes:     COMRAM   BANK0   BANK1   BANK2   BANK3   BANK4   BANK5   BANK6   BANK7   BANK8   BANK9  BANK10  BANK11  BANK12  BANK13  BANK14  BANK15
      Params:        16       0       0       0       0       0       0       0       0       0       0       0       0       0       0       0       0
      Locals:        10       0       0       0       0       0       0       0       0       0       0       0       0       0       0       0       0
      Temps:          0       0       0       0       0       0       0       0       0       0       0       0       0       0       0       0       0
      Totals:        26       0       0       0       0       0       0       0       0       0       0       0       0       0       0       0       0
Total ram usage:       26 bytes
 Hardware stack levels used:    1
 This function calls:
		Nothing
 This function is called by:
		_dtoa
 This function uses a non-reentrant model


 *************** function _ctoa *****************
 Defined at:
		line 259 in file "/opt/microchip/xc8/v2.30/pic/sources/c99/common/doprnt.c"
 Parameters:    Size  Location     Type
  fp              2    9[COMRAM] PTR struct _IO_FILE
		 -> vsnprintf@f(6), 
  c               1   11[COMRAM] unsigned char 
 Auto vars:     Size  Location     Type
  w               2   15[COMRAM] int 
  l               2   13[COMRAM] int 
 Return value:  Size  Location     Type
                  2    9[COMRAM] int 
 Registers used:
		wreg, fsr1l, fsr1h, fsr2l, fsr2h, status,2, status,0, cstack
 Tracked objects:
		On entry : 
		On exit  : 
		Unchanged: 
 Data sizes:     COMRAM   BANK0   BANK1   BANK2   BANK3   BANK4   BANK5   BANK6   BANK7   BANK8   BANK9  BANK10  BANK11  BANK12  BANK13  BANK14  BANK15
      Params:         3       0       0       0       0       0       0       0       0       0       0       0       0       0       0       0       0
      Locals:         4       0       0       0       0       0       0       0       0       0       0       0       0       0       0       0       0
      Temps:          1       0       0       0       0       0       0       0       0       0       0       0       0       0       0       0       0
      Totals:         8       0       0       0       0       0       0       0       0       0       0       0       0       0       0       0       0
Total ram usage:        8 bytes
 Hardware stack levels used:    1
 Hardware stack levels required when called:    2
 This function calls:
		_fputc
 This function is called by:
		_vfpfcnvrt
 This function uses a non-reentrant model


 *************** function _fputc *****************
 Defined at:
		line 8 in file "/opt/microchip/xc8/v2.30/pic/sources/c99/common/nf_fputc.c"
 Parameters:    Size  Location     Type
  c               2    0[COMRAM] int 
  fp              2    2[COMRAM] PTR struct _IO_FILE
		 -> vsnprintf@f(6), 
 Auto vars:     Size  Location     Type
		None
 Return value:  Size  Location     Type
                  2    0[COMRAM] int 
 Registers used:
		wreg, fsr1l, fsr1h, fsr2l, fsr2h, status,2, status,0, cstack
 Tracked objects:
		On entry : 
		On exit  : 
		Unchanged: 
 Data sizes:     COMRAM   BANK0   BANK1   BANK2   BANK3   BANK4   BANK5   BANK6   BANK7   BANK8   BANK9  BANK10  BANK11  BANK12  BANK13  BANK14  BANK15
      Params:         4       0       0       0       0       0       0       0       0       0       0       0       0       0       0       0       0
      Locals:         0       0       0       0       0       0       0       0       0       0       0       0       0       0       0       0       0
      Temps:          5       0       0       0       0       0       0       0       0       0       0       0       0       0       0       0       0
      Totals:         9       0       0       0       0       0       0       0       0       0       0       0       0       0       0       0       0
Total ram usage:        9 bytes
 Hardware stack levels used:    1
 Hardware stack levels required when called:    1
 This function calls:
		_putch
 This function is called by:
		_pad
		_ctoa
		_stoa
		_vfpfcnvrt
		_fputs
 This function uses a non-reentrant model


 *************** function _putch *****************
 Defined at:
		line 7 in file "/opt/microchip/xc8/v2.30/pic/sources/c99/common/putch.c"
 Parameters:    Size  Location     Type
  c               1    wreg     unsigned char 
 Auto vars:     Size  Location     Type
  c               1    0[COMRAM] unsigned char 
 Return value:  Size  Location     Type
                  1    wreg      void 
 Registers used:
		wreg
 Tracked objects:
		On entry : 
		On exit  : 
		Unchanged: 
 Data sizes:     COMRAM   BANK0   BANK1   BANK2   BANK3   BANK4   BANK5   BANK6   BANK7   BANK8   BANK9  BANK10  BANK11  BANK12  BANK13  BANK14  BANK15
      Params:         0       0       0       0       0       0       0       0       0       0       0       0       0       0       0       0       0
      Locals:         0       0       0       0       0       0       0       0       0       0       0       0       0       0       0       0       0
      Temps:          0       0       0       0       0       0       0       0       0       0       0       0       0       0       0       0       0
      Totals:         0       0       0       0       0       0       0       0       0       0       0       0       0       0       0       0       0
Total ram usage:        0 bytes
 Hardware stack levels used:    1
 This function calls:
		Nothing
 This function is called by:
		_fputc
 This function uses a non-reentrant model


 *************** function _atoi *****************
 Defined at:
		line 4 in file "/opt/microchip/xc8/v2.30/pic/sources/c99/common/atoi.c"
 Parameters:    Size  Location     Type
  s               2    7[COMRAM] PTR const unsigned char 
		 -> STR_7(5), 
 Auto vars:     Size  Location     Type
  n               2   20[COMRAM] int 
  neg             2   13[COMRAM] int 
 Return value:  Size  Location     Type
                  2    7[COMRAM] int 
 Registers used:
		wreg, status,2, status,0, tblptrl, tblptrh, tblptru, prodl, prodh, cstack
 Tracked objects:
		On entry : 
		On exit  : 
		Unchanged: 
 Data sizes:     COMRAM   BANK0   BANK1   BANK2   BANK3   BANK4   BANK5   BANK6   BANK7   BANK8   BANK9  BANK10  BANK11  BANK12  BANK13  BANK14  BANK15
      Params:         2       0       0       0       0       0       0       0       0       0       0       0       0       0       0       0       0
      Locals:         9       0       0       0       0       0       0       0       0       0       0       0       0       0       0       0       0
      Temps:          4       0       0       0       0       0       0       0       0       0       0       0       0       0       0       0       0
      Totals:        15       0       0       0       0       0       0       0       0       0       0       0       0       0       0       0       0
Total ram usage:       15 bytes
 Hardware stack levels used:    1
 Hardware stack levels required when called:    1
 This function calls:
		___wmul
		_isdigit
		_isspace
 This function is called by:
		_vfpfcnvrt
 This function uses a non-reentrant model


 *************** function _isspace *****************
 Defined at:
		line 5 in file "/opt/microchip/xc8/v2.30/pic/sources/c99/common/isspace.c"
 Parameters:    Size  Location     Type
  c               2    0[COMRAM] int 
 Auto vars:     Size  Location     Type
		None
 Return value:  Size  Location     Type
                  2    0[COMRAM] int 
 Registers used:
		wreg, status,2, status,0
 Tracked objects:
		On entry : 
		On exit  : 
		Unchanged: 
 Data sizes:     COMRAM   BANK0   BANK1   BANK2   BANK3   BANK4   BANK5   BANK6   BANK7   BANK8   BANK9  BANK10  BANK11  BANK12  BANK13  BANK14  BANK15
      Params:         2       0       0       0       0       0       0       0       0       0       0       0       0       0       0       0       0
      Locals:         1       0       0       0       0       0       0       0       0       0       0       0       0       0       0       0       0
      Temps:          4       0       0       0       0       0       0       0       0       0       0       0       0       0       0       0       0
      Totals:         7       0       0       0       0       0       0       0       0       0       0       0       0       0       0       0       0
Total ram usage:        7 bytes
 Hardware stack levels used:    1
 This function calls:
		Nothing
 This function is called by:
		_atoi
 This function uses a non-reentrant model


 *************** function _isdigit *****************
 Defined at:
		line 5 in file "/opt/microchip/xc8/v2.30/pic/sources/c99/common/isdigit.c"
 Parameters:    Size  Location     Type
  c               2    0[COMRAM] int 
 Auto vars:     Size  Location     Type
		None
 Return value:  Size  Location     Type
                  2    0[COMRAM] int 
 Registers used:
		wreg, status,2, status,0
 Tracked objects:
		On entry : 
		On exit  : 
		Unchanged: 
 Data sizes:     COMRAM   BANK0   BANK1   BANK2   BANK3   BANK4   BANK5   BANK6   BANK7   BANK8   BANK9  BANK10  BANK11  BANK12  BANK13  BANK14  BANK15
      Params:         2       0       0       0       0       0       0       0       0       0       0       0       0       0       0       0       0
      Locals:         0       0       0       0       0       0       0       0       0       0       0       0       0       0       0       0       0
      Temps:          4       0       0       0       0       0       0       0       0       0       0       0       0       0       0       0       0
      Totals:         6       0       0       0       0       0       0       0       0       0       0       0       0       0       0       0       0
Total ram usage:        6 bytes
 Hardware stack levels used:    1
 This function calls:
		Nothing
 This function is called by:
		_vfpfcnvrt
		_atoi
 This function uses a non-reentrant model


 *************** function ___wmul *****************
 Defined at:
		line 15 in file "/opt/microchip/xc8/v2.30/pic/sources/c99/common/Umul16.c"
 Parameters:    Size  Location     Type
  multiplier      2    0[COMRAM] unsigned int 
  multiplicand    2    2[COMRAM] unsigned int 
 Auto vars:     Size  Location     Type
  product         2    4[COMRAM] unsigned int 
 Return value:  Size  Location     Type
                  2    0[COMRAM] unsigned int 
 Registers used:
		wreg, status,2, status,0, prodl, prodh
 Tracked objects:
		On entry : 
		On exit  : 
		Unchanged: 
 Data sizes:     COMRAM   BANK0   BANK1   BANK2   BANK3   BANK4   BANK5   BANK6   BANK7   BANK8   BANK9  BANK10  BANK11  BANK12  BANK13  BANK14  BANK15
      Params:         4       0       0       0       0       0       0       0       0       0       0       0       0       0       0       0       0
      Locals:         2       0       0       0       0       0       0       0       0       0       0       0       0       0       0       0       0
      Temps:          0       0       0       0       0       0       0       0       0       0       0       0       0       0       0       0       0
      Totals:         6       0       0       0       0       0       0       0       0       0       0       0       0       0       0       0       0
Total ram usage:        6 bytes
 Hardware stack levels used:    1
 This function calls:
		Nothing
 This function is called by:
		_atoi
 This function uses a non-reentrant model


 *************** function _buffer_push *****************
 Defined at:
		line 118 in file "main.c"
 Parameters:    Size  Location     Type
  c               1    wreg     unsigned char 
  buf_type        1    0[COMRAM] enum E5081
 Auto vars:     Size  Location     Type
  c               1    1[COMRAM] unsigned char 
 Return value:  Size  Location     Type
                  1    wreg      void 
 Registers used:
		wreg, fsr2l, fsr2h, status,2, status,0
 Tracked objects:
		On entry : 
		On exit  : 
		Unchanged: 
 Data sizes:     COMRAM   BANK0   BANK1   BANK2   BANK3   BANK4   BANK5   BANK6   BANK7   BANK8   BANK9  BANK10  BANK11  BANK12  BANK13  BANK14  BANK15
      Params:         1       0       0       0       0       0       0       0       0       0       0       0       0       0       0       0       0
      Locals:         1       0       0       0       0       0       0       0       0       0       0       0       0       0       0       0       0
      Temps:          0       0       0       0       0       0       0       0       0       0       0       0       0       0       0       0       0
      Totals:         2       0       0       0       0       0       0       0       0       0       0       0       0       0       0       0       0
Total ram usage:        2 bytes
 Hardware stack levels used:    1
 This function calls:
		Nothing
 This function is called by:
		_int_to_hex_and_push
		_write_string_to_output_buffer
		_set_message
		_highPriorityISR
 This function uses a non-reentrant model



MODULE INFORMATION

Module		Function		Class		Link	Load	Size
/opt/microchip/xc8/v2.30/pic/sources/c99/common/strncmp.c
		_strncmp       		CODE           	3DFC	0000	246

/opt/microchip/xc8/v2.30/pic/sources/c99/common/strncmp.c estimated size: 246

/opt/microchip/xc8/v2.30/pic/sources/c99/common/nf_fputc.c
		_fputc         		CODE           	434A	0000	202

/opt/microchip/xc8/v2.30/pic/sources/c99/common/nf_fputc.c estimated size: 202

/opt/microchip/xc8/v2.30/pic/sources/c99/common/atoi.c
		_atoi          		CODE           	35B0	0000	420

/opt/microchip/xc8/v2.30/pic/sources/c99/common/atoi.c estimated size: 420

/opt/microchip/xc8/v2.30/pic/sources/c99/common/isalpha.c
		_isalpha       		CODE           	4CF6	0000	60

/opt/microchip/xc8/v2.30/pic/sources/c99/common/isalpha.c estimated size: 60

/opt/microchip/xc8/v2.30/pic/sources/c99/common/lomod.c
		___lomod       		CODE           	41AE	0000	208

/opt/microchip/xc8/v2.30/pic/sources/c99/common/lomod.c estimated size: 208

/opt/microchip/xc8/v2.30/pic/sources/c99/common/aomod.c
		___aomod       		CODE           	3A62	0000	356

/opt/microchip/xc8/v2.30/pic/sources/c99/common/aomod.c estimated size: 356

/opt/microchip/xc8/v2.30/pic/sources/c99/common/strlen.c
		_strlen        		CODE           	4DDA	0000	54

/opt/microchip/xc8/v2.30/pic/sources/c99/common/strlen.c estimated size: 54

/opt/microchip/xc8/v2.30/pic/sources/c99/common/strcmp.c
		_strcmp        		CODE           	48EC	0000	122

/opt/microchip/xc8/v2.30/pic/sources/c99/common/strcmp.c estimated size: 122

/opt/microchip/xc8/v2.30/pic/sources/c99/common/putch.c
		_putch         		CODE           	4ECA	0000	2

/opt/microchip/xc8/v2.30/pic/sources/c99/common/putch.c estimated size: 2

/opt/microchip/xc8/v2.30/pic/sources/c99/common/isdigit.c
		_isdigit       		CODE           	4DA2	0000	56

/opt/microchip/xc8/v2.30/pic/sources/c99/common/isdigit.c estimated size: 56

/opt/microchip/xc8/v2.30/pic/sources/c99/common/doprnt.c
		_vfpfcnvrt     		CODE           	1050	0000	4774
		_pad           		CODE           	4414	0000	198
		_ctoa          		CODE           	40D6	0000	216
		_dtoa          		CODE           	29DE	0000	740
		_vfprintf      		CODE           	49CC	0000	102
		_otoa          		CODE           	33C0	0000	496
		_stoa          		CODE           	38DC	0000	390
		_utoa          		CODE           	31BC	0000	516
		_xtoa          		CODE           	2CC2	0000	730

/opt/microchip/xc8/v2.30/pic/sources/c99/common/doprnt.c estimated size: 8162

/opt/microchip/xc8/v2.30/pic/sources/c99/common/lodiv.c
		___lodiv       		CODE           	3FE6	0000	240

/opt/microchip/xc8/v2.30/pic/sources/c99/common/lodiv.c estimated size: 240

/opt/microchip/xc8/v2.30/pic/sources/c99/common/aodiv.c
		___aodiv       		CODE           	3754	0000	392

/opt/microchip/xc8/v2.30/pic/sources/c99/common/aodiv.c estimated size: 392

/opt/microchip/xc8/v2.30/pic/sources/c99/common/nf_fputs.c
		_fputs         		CODE           	4BF8	0000	68

/opt/microchip/xc8/v2.30/pic/sources/c99/common/nf_fputs.c estimated size: 68

shared
		i2_buffer_pop  		CODE           	475A	0000	138
		__initialization		CODE           	4B4C	0000	80
		i2_buffer_is_empty		CODE           	4AF0	0000	92

shared estimated size: 310

/opt/microchip/xc8/v2.30/pic/sources/c99/common/Umul16.c
		___wmul        		CODE           	4EA4	0000	38

/opt/microchip/xc8/v2.30/pic/sources/c99/common/Umul16.c estimated size: 38

/opt/microchip/xc8/v2.30/pic/sources/c99/common/islower.c
		_islower       		CODE           	4D32	0000	56

/opt/microchip/xc8/v2.30/pic/sources/c99/common/islower.c estimated size: 56

/opt/microchip/xc8/v2.30/pic/sources/c99/common/nf_vsnprintf.c
		_vsnprintf     		CODE           	3BC6	0000	284

/opt/microchip/xc8/v2.30/pic/sources/c99/common/nf_vsnprintf.c estimated size: 284

/opt/microchip/xc8/v2.30/pic/sources/c99/common/isupper.c
		_isupper       		CODE           	4D6A	0000	56

/opt/microchip/xc8/v2.30/pic/sources/c99/common/isupper.c estimated size: 56

/opt/microchip/xc8/v2.30/pic/sources/c99/common/toupper.c
		_toupper       		CODE           	4A92	0000	94

/opt/microchip/xc8/v2.30/pic/sources/c99/common/toupper.c estimated size: 94

main.c
		_evaluate_packet		CODE           	268E	0000	848
		_initialize_buffer		CODE           	44DA	0000	176
		_hex_string_to_int		CODE           	458A	0000	160
		_set_message   		CODE           	2F9C	0000	544
		_main          		CODE           	4C7C	0000	62
		_buffer_is_empty		CODE           	4A32	0000	96
		_write_string_to_output_buffer		CODE           	4E10	0000	52
		_create_packet 		CODE           	3EF2	0000	244
		_initialize_variables		CODE           	427E	0000	204
		_highPriorityISR		CODE           	0008	0000	926
		_int_to_hex_and_push		CODE           	4966	0000	102
		_clear_packet  		CODE           	4CBA	0000	60
		_buffer_pop    		CODE           	46C6	0000	148
		_buffer_push   		CODE           	486C	0000	128
		_initialize    		CODE           	47E4	0000	136
		_get_command_type		CODE           	3CE2	0000	282
		_char_to_int   		CODE           	462A	0000	156

main.c estimated size: 4324

/opt/microchip/xc8/v2.30/pic/sources/c99/common/snprintf.c
		_snprintf      		CODE           	4E74	0000	48

/opt/microchip/xc8/v2.30/pic/sources/c99/common/snprintf.c estimated size: 48

/opt/microchip/xc8/v2.30/pic/sources/c99/common/isspace.c
		_isspace       		CODE           	4BA6	0000	82

/opt/microchip/xc8/v2.30/pic/sources/c99/common/isspace.c estimated size: 82

/opt/microchip/xc8/v2.30/pic/sources/c99/common/abs.c
		_abs           		CODE           	4C3C	0000	64

/opt/microchip/xc8/v2.30/pic/sources/c99/common/abs.c estimated size: 64

